2024-01-15 08:00:01 INFO Sistema iniciado correctamente
2024-01-15 08:01:23 INFO Conexión a base de datos establecida
2024-01-15 08:02:45 ERROR No se pudo conectar al servicio externo
2024-01-15 08:03:10 INFO Usuario admin ha iniciado sesión
2024-01-15 08:05:32 WARNING Uso de CPU al 75%
2024-01-15 08:07:14 ERROR Timeout en la petición al servidor
2024-01-15 08:08:00 INFO Backup diario iniciado
2024-01-15 08:09:55 CRITICAL Fallo en el sistema de autenticación
2024-01-15 08:11:03 ERROR Archivo de configuración no encontrado
2024-01-15 08:12:20 INFO Backup completado con éxito
2024-01-15 08:14:47 ERROR Base de datos no responde
2024-01-15 08:15:30 WARNING Espacio en disco al 80%
2024-01-15 08:17:02 FATAL Corrupción detectada en tabla usuarios
2024-01-15 08:18:11 INFO Servicio de email activo
2024-01-15 08:19:45 ERROR Permiso denegado al acceder a /var/log
2024-01-15 08:20:33 INFO Cache limpiada correctamente
2024-01-15 08:22:17 CRITICAL Memoria RAM al 95%, riesgo de caída
2024-01-15 08:23:50 ERROR Fallo al escribir en disco
2024-01-15 08:25:04 INFO Usuario invitado ha cerrado sesión
2024-01-15 08:26:38 WARNING Certificado SSL expira en 7 días
2024-01-15 08:27:59 FATAL Sistema de pagos no disponible
2024-01-15 08:29:12 ERROR Respuesta inesperada del servidor SMTP
2024-01-15 08:30:01 INFO Reinicio programado del servicio web
2024-01-15 08:31:44 CRITICAL Base de datos principal caída
2024-01-15 08:33:22 ERROR No se puede resolver el nombre de host
2024-01-15 08:34:55 INFO Nuevo usuario registrado: juan123
2024-01-15 08:36:10 ERROR Token de sesión inválido
2024-01-15 08:37:48 WARNING Intentos de login fallidos: 3
2024-01-15 08:39:05 FATAL Pérdida de conexión con servidor primario
2024-01-15 08:40:30 INFO Sistema restaurado correctamente